// Jest Snapshot v1, https://goo.gl/fbAQLP

exports[`SidePanel2 renders the UI as expected 1`] = `null`;
