// Jest Snapshot v1, https://goo.gl/fbAQLP

exports[`SidePanel3 renders the UI as expected 1`] = `
<div>
  <button
    onClick={[Function]}
    type="button"
  >
    Back
  </button>
</div>
`;
